[rank: 0] Seed set to 42
GPU available: True (cuda), used: True
TPU available: False, using: 0 TPU cores
💡 Tip: For seamless cloud logging and experiment tracking, try installing [litlogger](https://pypi.org/project/litlogger/) to enable LitLogger, which logs metrics and artifacts automatically to the Lightning Experiments platform.
Initializing distributed: GLOBAL_RANK: 0, MEMBER: 1/1
----------------------------------------------------------------------------------------------------
distributed_backend=nccl
All distributed processes registered. Starting with 1 processes
----------------------------------------------------------------------------------------------------

LOCAL_RANK: 0 - CUDA_VISIBLE_DEVICES: [0]
SLURM auto-requeueing enabled. Setting signal handlers.
  0%|          | 0/1 [00:00<?, ?it/s]
0it [00:00, ?it/s][A10it [00:00, 907.29it/s]
100%|██████████| 1/1 [00:00<00:00, 81.93it/s]
  0%|          | 0/10 [00:00<?, ?it/s]100%|██████████| 10/10 [00:00<00:00, 460912.53it/s]
/scratch/midway3/khanhnd/miniconda3/envs/ezspeech/lib/python3.12/site-packages/pytorch_lightning/utilities/_pytree.py:21: `isinstance(treespec, LeafSpec)` is deprecated, use `isinstance(treespec, TreeSpec) and treespec.is_leaf()` instead.
Error executing job with overrides: []
Traceback (most recent call last):
  File "/scratch/midway3/khanhnd/Ezspeech/scripts/train.py", line 67, in main
    trainer.fit(model)
  File "/scratch/midway3/khanhnd/miniconda3/envs/ezspeech/lib/python3.12/site-packages/pytorch_lightning/trainer/trainer.py", line 584, in fit
    call._call_and_handle_interrupt(
  File "/scratch/midway3/khanhnd/miniconda3/envs/ezspeech/lib/python3.12/site-packages/pytorch_lightning/trainer/call.py", line 48, in _call_and_handle_interrupt
    return trainer.strategy.launcher.launch(trainer_fn, *args, trainer=trainer, **kwargs)
           ^^^^^^^^^^^^^^^^^^^^^^^^^^^^^^^^^^^^^^^^^^^^^^^^^^^^^^^^^^^^^^^^^^^^^^^^^^^^^^
  File "/scratch/midway3/khanhnd/miniconda3/envs/ezspeech/lib/python3.12/site-packages/pytorch_lightning/strategies/launchers/subprocess_script.py", line 105, in launch
    return function(*args, **kwargs)
           ^^^^^^^^^^^^^^^^^^^^^^^^^
  File "/scratch/midway3/khanhnd/miniconda3/envs/ezspeech/lib/python3.12/site-packages/pytorch_lightning/trainer/trainer.py", line 630, in _fit_impl
    self._run(model, ckpt_path=ckpt_path, weights_only=weights_only)
  File "/scratch/midway3/khanhnd/miniconda3/envs/ezspeech/lib/python3.12/site-packages/pytorch_lightning/trainer/trainer.py", line 1079, in _run
    results = self._run_stage()
              ^^^^^^^^^^^^^^^^^
  File "/scratch/midway3/khanhnd/miniconda3/envs/ezspeech/lib/python3.12/site-packages/pytorch_lightning/trainer/trainer.py", line 1121, in _run_stage
    self._run_sanity_check()
  File "/scratch/midway3/khanhnd/miniconda3/envs/ezspeech/lib/python3.12/site-packages/pytorch_lightning/trainer/trainer.py", line 1150, in _run_sanity_check
    val_loop.run()
  File "/scratch/midway3/khanhnd/miniconda3/envs/ezspeech/lib/python3.12/site-packages/pytorch_lightning/loops/utilities.py", line 179, in _decorator
    return loop_run(self, *args, **kwargs)
           ^^^^^^^^^^^^^^^^^^^^^^^^^^^^^^^
  File "/scratch/midway3/khanhnd/miniconda3/envs/ezspeech/lib/python3.12/site-packages/pytorch_lightning/loops/evaluation_loop.py", line 146, in run
    self._evaluation_step(batch, batch_idx, dataloader_idx, dataloader_iter)
  File "/scratch/midway3/khanhnd/miniconda3/envs/ezspeech/lib/python3.12/site-packages/pytorch_lightning/loops/evaluation_loop.py", line 441, in _evaluation_step
    output = call._call_strategy_hook(trainer, hook_name, *step_args)
             ^^^^^^^^^^^^^^^^^^^^^^^^^^^^^^^^^^^^^^^^^^^^^^^^^^^^^^^^
  File "/scratch/midway3/khanhnd/miniconda3/envs/ezspeech/lib/python3.12/site-packages/pytorch_lightning/trainer/call.py", line 329, in _call_strategy_hook
    output = fn(*args, **kwargs)
             ^^^^^^^^^^^^^^^^^^^
  File "/scratch/midway3/khanhnd/miniconda3/envs/ezspeech/lib/python3.12/site-packages/pytorch_lightning/strategies/strategy.py", line 411, in validation_step
    return self._forward_redirection(self.model, self.lightning_module, "validation_step", *args, **kwargs)
           ^^^^^^^^^^^^^^^^^^^^^^^^^^^^^^^^^^^^^^^^^^^^^^^^^^^^^^^^^^^^^^^^^^^^^^^^^^^^^^^^^^^^^^^^^^^^^^^^
  File "/scratch/midway3/khanhnd/miniconda3/envs/ezspeech/lib/python3.12/site-packages/pytorch_lightning/strategies/strategy.py", line 641, in __call__
    wrapper_output = wrapper_module(*args, **kwargs)
                     ^^^^^^^^^^^^^^^^^^^^^^^^^^^^^^^
  File "/scratch/midway3/khanhnd/miniconda3/envs/ezspeech/lib/python3.12/site-packages/torch/nn/modules/module.py", line 1779, in _wrapped_call_impl
    return self._call_impl(*args, **kwargs)
           ^^^^^^^^^^^^^^^^^^^^^^^^^^^^^^^^
  File "/scratch/midway3/khanhnd/miniconda3/envs/ezspeech/lib/python3.12/site-packages/torch/nn/modules/module.py", line 1790, in _call_impl
    return forward_call(*args, **kwargs)
           ^^^^^^^^^^^^^^^^^^^^^^^^^^^^^
  File "/scratch/midway3/khanhnd/miniconda3/envs/ezspeech/lib/python3.12/site-packages/torch/nn/parallel/distributed.py", line 1699, in forward
    else self._run_ddp_forward(*inputs, **kwargs)
         ^^^^^^^^^^^^^^^^^^^^^^^^^^^^^^^^^^^^^^^^
  File "/scratch/midway3/khanhnd/miniconda3/envs/ezspeech/lib/python3.12/site-packages/torch/nn/parallel/distributed.py", line 1524, in _run_ddp_forward
    return self.module(*inputs, **kwargs)  # type: ignore[index]
           ^^^^^^^^^^^^^^^^^^^^^^^^^^^^^^
  File "/scratch/midway3/khanhnd/miniconda3/envs/ezspeech/lib/python3.12/site-packages/torch/nn/modules/module.py", line 1779, in _wrapped_call_impl
    return self._call_impl(*args, **kwargs)
           ^^^^^^^^^^^^^^^^^^^^^^^^^^^^^^^^
  File "/scratch/midway3/khanhnd/miniconda3/envs/ezspeech/lib/python3.12/site-packages/torch/nn/modules/module.py", line 1790, in _call_impl
    return forward_call(*args, **kwargs)
           ^^^^^^^^^^^^^^^^^^^^^^^^^^^^^
  File "/scratch/midway3/khanhnd/miniconda3/envs/ezspeech/lib/python3.12/site-packages/pytorch_lightning/strategies/strategy.py", line 634, in wrapped_forward
    out = method(*_args, **_kwargs)
          ^^^^^^^^^^^^^^^^^^^^^^^^^
  File "/scratch/midway3/khanhnd/Ezspeech/ezspeech/models/ctc_llm.py", line 220, in validation_step
    speech_embeds, _ = self._embed_speech(wavs, wav_lengths)
                       ^^^^^^^^^^^^^^^^^^^^^^^^^^^^^^^^^^^^^
  File "/scratch/midway3/khanhnd/Ezspeech/ezspeech/models/ctc_llm.py", line 109, in _embed_speech
    enc_out, enc_lens = self.encoder(features, feat_lengths)
                        ^^^^^^^^^^^^^^^^^^^^^^^^^^^^^^^^^^^^
  File "/scratch/midway3/khanhnd/miniconda3/envs/ezspeech/lib/python3.12/site-packages/torch/nn/modules/module.py", line 1779, in _wrapped_call_impl
    return self._call_impl(*args, **kwargs)
           ^^^^^^^^^^^^^^^^^^^^^^^^^^^^^^^^
  File "/scratch/midway3/khanhnd/miniconda3/envs/ezspeech/lib/python3.12/site-packages/torch/nn/modules/module.py", line 1790, in _call_impl
    return forward_call(*args, **kwargs)
           ^^^^^^^^^^^^^^^^^^^^^^^^^^^^^
  File "/scratch/midway3/khanhnd/Ezspeech/ezspeech/modules/encoder/conformer.py", line 504, in forward
    audio_signal, length = self.pre_encode(x=audio_signal, lengths=length)
                           ^^^^^^^^^^^^^^^^^^^^^^^^^^^^^^^^^^^^^^^^^^^^^^^
  File "/scratch/midway3/khanhnd/miniconda3/envs/ezspeech/lib/python3.12/site-packages/torch/nn/modules/module.py", line 1779, in _wrapped_call_impl
    return self._call_impl(*args, **kwargs)
           ^^^^^^^^^^^^^^^^^^^^^^^^^^^^^^^^
  File "/scratch/midway3/khanhnd/miniconda3/envs/ezspeech/lib/python3.12/site-packages/torch/nn/modules/module.py", line 1790, in _call_impl
    return forward_call(*args, **kwargs)
           ^^^^^^^^^^^^^^^^^^^^^^^^^^^^^
  File "/scratch/midway3/khanhnd/Ezspeech/ezspeech/layers/sampling.py", line 468, in forward
    x = self.conv(x)
        ^^^^^^^^^^^^
  File "/scratch/midway3/khanhnd/miniconda3/envs/ezspeech/lib/python3.12/site-packages/torch/nn/modules/module.py", line 1779, in _wrapped_call_impl
    return self._call_impl(*args, **kwargs)
           ^^^^^^^^^^^^^^^^^^^^^^^^^^^^^^^^
  File "/scratch/midway3/khanhnd/miniconda3/envs/ezspeech/lib/python3.12/site-packages/torch/nn/modules/module.py", line 1790, in _call_impl
    return forward_call(*args, **kwargs)
           ^^^^^^^^^^^^^^^^^^^^^^^^^^^^^
  File "/scratch/midway3/khanhnd/miniconda3/envs/ezspeech/lib/python3.12/site-packages/torch/nn/modules/container.py", line 253, in forward
    input = module(input)
            ^^^^^^^^^^^^^
  File "/scratch/midway3/khanhnd/miniconda3/envs/ezspeech/lib/python3.12/site-packages/torch/nn/modules/module.py", line 1779, in _wrapped_call_impl
    return self._call_impl(*args, **kwargs)
           ^^^^^^^^^^^^^^^^^^^^^^^^^^^^^^^^
  File "/scratch/midway3/khanhnd/miniconda3/envs/ezspeech/lib/python3.12/site-packages/torch/nn/modules/module.py", line 1790, in _call_impl
    return forward_call(*args, **kwargs)
           ^^^^^^^^^^^^^^^^^^^^^^^^^^^^^
  File "/scratch/midway3/khanhnd/miniconda3/envs/ezspeech/lib/python3.12/site-packages/torch/nn/modules/conv.py", line 553, in forward
    return self._conv_forward(input, self.weight, self.bias)
           ^^^^^^^^^^^^^^^^^^^^^^^^^^^^^^^^^^^^^^^^^^^^^^^^^
  File "/scratch/midway3/khanhnd/miniconda3/envs/ezspeech/lib/python3.12/site-packages/torch/nn/modules/conv.py", line 548, in _conv_forward
    return F.conv2d(
           ^^^^^^^^^
RuntimeError: GET was unable to find an engine to execute this computation

Set the environment variable HYDRA_FULL_ERROR=1 for a complete stack trace.
